// Jest Snapshot v1, https://goo.gl/fbAQLP

exports[`App should match the snapshot 1`] = `
<div
  className="App"
>
  <header>
    <img
      src="https://fontmeme.com/permalink/190413/a805259a19ac35e5d8c090ed8ff240ec.png"
    />
  </header>
  <Player
    answerStatus=""
    name=""
    nameSubmitted={false}
    setName={[Function]}
    submitName={[Function]}
  />
  <footer>
    <img
      src="https://fontmeme.com/permalink/190417/e684cff81faf34b25a6414f058a7b7ee.png"
    />
  </footer>
</div>
`;

exports[`App should match the snapshot if gameOver is true 1`] = `
<div
  className="App"
>
  <header>
    <img
      src="https://fontmeme.com/permalink/190413/a805259a19ac35e5d8c090ed8ff240ec.png"
    />
  </header>
  <Player
    answerStatus=""
    name=""
    nameSubmitted={false}
    setName={[Function]}
    submitName={[Function]}
  />
  <footer>
    <img
      src="https://fontmeme.com/permalink/190417/e684cff81faf34b25a6414f058a7b7ee.png"
    />
  </footer>
</div>
`;
